src/app/dashboard/attendance/page.tsx(14,17): error TS2322: Type '{ id: string; code: string; name: string; }' is not assignable to type 'never'.
src/app/dashboard/attendance/page.tsx(17,7): error TS2322: Type '{ id: string; studentId: string; name: string; }' is not assignable to type 'never'.
src/app/dashboard/attendance/page.tsx(18,7): error TS2322: Type '{ id: string; studentId: string; name: string; }' is not assignable to type 'never'.
src/app/dashboard/attendance/page.tsx(19,7): error TS2322: Type '{ id: string; studentId: string; name: string; }' is not assignable to type 'never'.
src/app/dashboard/classroom/page.tsx(11,17): error TS2322: Type '{ id: string; code: string; name: string; }' is not assignable to type 'never'.
src/app/dashboard/classroom/page.tsx(13,7): error TS2322: Type '{ id: string; title: string; dueDate: string; course: string; }' is not assignable to type 'never'.
src/lib/auth.ts(8,5): error TS2322: Type 'import("C:/Users/Bright_/Desktop/SSTUCSEPortal/sst-cse-portal/node_modules/@auth/core/adapters").Adapter' is not assignable to type 'import("C:/Users/Bright_/Desktop/SSTUCSEPortal/sst-cse-portal/node_modules/next-auth/node_modules/@auth/core/adapters").Adapter'.
  Types of property 'createUser' are incompatible.
    Type '((user: import("C:/Users/Bright_/Desktop/SSTUCSEPortal/sst-cse-portal/node_modules/@auth/core/adapters").AdapterUser) => import("C:/Users/Bright_/Desktop/SSTUCSEPortal/sst-cse-portal/node_modules/@auth/core/types").Awaitable<import("C:/Users/Bright_/Desktop/SSTUCSEPortal/sst-cse-portal/node_modules/@auth/core/adapte...' is not assignable to type '((user: import("C:/Users/Bright_/Desktop/SSTUCSEPortal/sst-cse-portal/node_modules/next-auth/node_modules/@auth/core/adapters").AdapterUser) => import("C:/Users/Bright_/Desktop/SSTUCSEPortal/sst-cse-portal/node_modules/next-auth/node_modules/@auth/core/types").Awaitable<import("C:/Users/Bright_/Desktop/SSTUCSEPortal...'.
      Type '(user: import("C:/Users/Bright_/Desktop/SSTUCSEPortal/sst-cse-portal/node_modules/@auth/core/adapters").AdapterUser) => import("C:/Users/Bright_/Desktop/SSTUCSEPortal/sst-cse-portal/node_modules/@auth/core/types").Awaitable<import("C:/Users/Bright_/Desktop/SSTUCSEPortal/sst-cse-portal/node_modules/@auth/core/adapter...' is not assignable to type '(user: import("C:/Users/Bright_/Desktop/SSTUCSEPortal/sst-cse-portal/node_modules/next-auth/node_modules/@auth/core/adapters").AdapterUser) => import("C:/Users/Bright_/Desktop/SSTUCSEPortal/sst-cse-portal/node_modules/next-auth/node_modules/@auth/core/types").Awaitable<import("C:/Users/Bright_/Desktop/SSTUCSEPortal/...'.
        Type 'import("C:/Users/Bright_/Desktop/SSTUCSEPortal/sst-cse-portal/node_modules/@auth/core/types").Awaitable<import("C:/Users/Bright_/Desktop/SSTUCSEPortal/sst-cse-portal/node_modules/@auth/core/adapters").AdapterUser>' is not assignable to type 'import("C:/Users/Bright_/Desktop/SSTUCSEPortal/sst-cse-portal/node_modules/next-auth/node_modules/@auth/core/types").Awaitable<import("C:/Users/Bright_/Desktop/SSTUCSEPortal/sst-cse-portal/node_modules/next-auth/node_modules/@auth/core/adapters").AdapterUser>'.
          Type 'AdapterUser' is not assignable to type 'Awaitable<AdapterUser>'.
            Property 'role' is missing in type 'import("C:/Users/Bright_/Desktop/SSTUCSEPortal/sst-cse-portal/node_modules/@auth/core/adapters").AdapterUser' but required in type 'import("C:/Users/Bright_/Desktop/SSTUCSEPortal/sst-cse-portal/node_modules/next-auth/node_modules/@auth/core/adapters").AdapterUser'.
